  Determining projects to restore...
D:\slh\proj\DotNet8.BankingManagementSystem\DotNet8.BankingManagementSystem.Common\DotNet8.BankingManagementSystem.Frontend.Api\DotNet8.BankingManagementSystem.Frontend.Api.csproj : warning NU1904: Package 'Refit' 7.0.0 has a known critical severity vulnerability, https://github.com/advisories/GHSA-3hxg-fxwm-8gf7 [D:\slh\proj\DotNet8.BankingManagementSystem\DotNet8.BankingManagementSystem.sln]
  All projects are up-to-date for restore.
C:\Program Files\dotnet\sdk\10.0.200-preview.0.26103.119\Sdks\Microsoft.NET.Sdk\targets\Microsoft.NET.RuntimeIdentifierInference.targets(383,5): message NETSDK1057: You are using a preview version of .NET. See: https://aka.ms/dotnet-support-policy [D:\slh\proj\DotNet8.BankingManagementSystem\DotNet8.BankingManagementSystem.Common\DotNet8.BankingManagementSystem.Shared\DotNet8.BankingManagementSystem.Shared.csproj]
C:\Program Files\dotnet\sdk\10.0.200-preview.0.26103.119\Sdks\Microsoft.NET.Sdk\targets\Microsoft.NET.RuntimeIdentifierInference.targets(383,5): message NETSDK1057: You are using a preview version of .NET. See: https://aka.ms/dotnet-support-policy [D:\slh\proj\DotNet8.BankingManagementSystem\DotNet8.BankingManagementSystem.Common\DotNet8.BankingManagementSystem.Models\DotNet8.BankingManagementSystem.Models.csproj]
C:\Program Files\dotnet\sdk\10.0.200-preview.0.26103.119\Sdks\Microsoft.NET.Sdk\targets\Microsoft.NET.RuntimeIdentifierInference.targets(383,5): message NETSDK1057: You are using a preview version of .NET. See: https://aka.ms/dotnet-support-policy [D:\slh\proj\DotNet8.BankingManagementSystem\DotNet8.BankingManagementSystem.Common\DotNet8.BankingManagementSystem.Frontend.Api\DotNet8.BankingManagementSystem.Frontend.Api.csproj]
C:\Program Files\dotnet\sdk\10.0.200-preview.0.26103.119\Sdks\Microsoft.NET.Sdk\targets\Microsoft.NET.RuntimeIdentifierInference.targets(383,5): message NETSDK1057: You are using a preview version of .NET. See: https://aka.ms/dotnet-support-policy [D:\slh\proj\DotNet8.BankingManagementSystem\DotNet8.BankingManagementSystem.Common\DotNet8.BankingManagementSystem.Mapper\DotNet8.BankingManagementSystem.Mapper.csproj]
C:\Program Files\dotnet\sdk\10.0.200-preview.0.26103.119\Sdks\Microsoft.NET.Sdk\targets\Microsoft.NET.RuntimeIdentifierInference.targets(383,5): message NETSDK1057: You are using a preview version of .NET. See: https://aka.ms/dotnet-support-policy [D:\slh\proj\DotNet8.BankingManagementSystem\DotNet8.BankingManagementSystem.Common\DotNet8.BankingManagementSystem.Backend.Services\DotNet8.BankingManagementSystem.Backend.Services.csproj]
C:\Program Files\dotnet\sdk\10.0.200-preview.0.26103.119\Sdks\Microsoft.NET.Sdk\targets\Microsoft.NET.RuntimeIdentifierInference.targets(383,5): message NETSDK1057: You are using a preview version of .NET. See: https://aka.ms/dotnet-support-policy [D:\slh\proj\DotNet8.BankingManagementSystem\DotNet8.BankingManagementSystem.Common\DotNet8.BankingManagementSystem.Database\DotNet8.BankingManagementSystem.Database.csproj]
C:\Program Files\dotnet\sdk\10.0.200-preview.0.26103.119\Sdks\Microsoft.NET.Sdk\targets\Microsoft.NET.RuntimeIdentifierInference.targets(383,5): message NETSDK1057: You are using a preview version of .NET. See: https://aka.ms/dotnet-support-policy [D:\slh\proj\DotNet8.BankingManagementSystem\DotNet8.BankingManagementSystem.Backend\DotNet8.BankingManagementSystem.Backend.csproj]
D:\slh\proj\DotNet8.BankingManagementSystem\DotNet8.BankingManagementSystem.Common\DotNet8.BankingManagementSystem.Frontend.Api\DotNet8.BankingManagementSystem.Frontend.Api.csproj : warning NU1904: Package 'Refit' 7.0.0 has a known critical severity vulnerability, https://github.com/advisories/GHSA-3hxg-fxwm-8gf7
  DotNet8.BankingManagementSystem.Shared -> D:\slh\proj\DotNet8.BankingManagementSystem\DotNet8.BankingManagementSystem.Common\DotNet8.BankingManagementSystem.Shared\bin\Debug\net8.0\DotNet8.BankingManagementSystem.Shared.dll
  DotNet8.BankingManagementSystem.Models -> D:\slh\proj\DotNet8.BankingManagementSystem\DotNet8.BankingManagementSystem.Common\DotNet8.BankingManagementSystem.Models\bin\Debug\net8.0\DotNet8.BankingManagementSystem.Models.dll
C:\Program Files\dotnet\sdk\10.0.200-preview.0.26103.119\Sdks\Microsoft.NET.Sdk\targets\Microsoft.NET.RuntimeIdentifierInference.targets(383,5): message NETSDK1057: You are using a preview version of .NET. See: https://aka.ms/dotnet-support-policy [D:\slh\proj\DotNet8.BankingManagementSystem\DotNet8.BankingManagementSystem.Frontend\DotNet8.BankingManagementSystem.Frontend.csproj]
  DotNet8.BankingManagementSystem.Database -> D:\slh\proj\DotNet8.BankingManagementSystem\DotNet8.BankingManagementSystem.Common\DotNet8.BankingManagementSystem.Database\bin\Debug\net8.0\DotNet8.BankingManagementSystem.Database.dll
D:\slh\proj\DotNet8.BankingManagementSystem\DotNet8.BankingManagementSystem.Common\DotNet8.BankingManagementSystem.Mapper\ChangeModel.cs(68,5): error CS1028: Unexpected preprocessor directive [D:\slh\proj\DotNet8.BankingManagementSystem\DotNet8.BankingManagementSystem.Common\DotNet8.BankingManagementSystem.Mapper\DotNet8.BankingManagementSystem.Mapper.csproj]
D:\slh\proj\DotNet8.BankingManagementSystem\DotNet8.BankingManagementSystem.Common\DotNet8.BankingManagementSystem.Mapper\ChangeModel.cs(172,5): error CS1028: Unexpected preprocessor directive [D:\slh\proj\DotNet8.BankingManagementSystem\DotNet8.BankingManagementSystem.Common\DotNet8.BankingManagementSystem.Mapper\DotNet8.BankingManagementSystem.Mapper.csproj]

Build FAILED.

D:\slh\proj\DotNet8.BankingManagementSystem\DotNet8.BankingManagementSystem.Common\DotNet8.BankingManagementSystem.Frontend.Api\DotNet8.BankingManagementSystem.Frontend.Api.csproj : warning NU1904: Package 'Refit' 7.0.0 has a known critical severity vulnerability, https://github.com/advisories/GHSA-3hxg-fxwm-8gf7 [D:\slh\proj\DotNet8.BankingManagementSystem\DotNet8.BankingManagementSystem.sln]
D:\slh\proj\DotNet8.BankingManagementSystem\DotNet8.BankingManagementSystem.Common\DotNet8.BankingManagementSystem.Frontend.Api\DotNet8.BankingManagementSystem.Frontend.Api.csproj : warning NU1904: Package 'Refit' 7.0.0 has a known critical severity vulnerability, https://github.com/advisories/GHSA-3hxg-fxwm-8gf7
D:\slh\proj\DotNet8.BankingManagementSystem\DotNet8.BankingManagementSystem.Common\DotNet8.BankingManagementSystem.Mapper\ChangeModel.cs(68,5): error CS1028: Unexpected preprocessor directive [D:\slh\proj\DotNet8.BankingManagementSystem\DotNet8.BankingManagementSystem.Common\DotNet8.BankingManagementSystem.Mapper\DotNet8.BankingManagementSystem.Mapper.csproj]
D:\slh\proj\DotNet8.BankingManagementSystem\DotNet8.BankingManagementSystem.Common\DotNet8.BankingManagementSystem.Mapper\ChangeModel.cs(172,5): error CS1028: Unexpected preprocessor directive [D:\slh\proj\DotNet8.BankingManagementSystem\DotNet8.BankingManagementSystem.Common\DotNet8.BankingManagementSystem.Mapper\DotNet8.BankingManagementSystem.Mapper.csproj]
    2 Warning(s)
    2 Error(s)

Time Elapsed 00:00:02.71
