  Determining projects to restore...
D:\slh\proj\DotNet8.BankingManagementSystem\DotNet8.BankingManagementSystem.Common\DotNet8.BankingManagementSystem.Frontend.Api\DotNet8.BankingManagementSystem.Frontend.Api.csproj : warning NU1904: Package 'Refit' 7.0.0 has a known critical severity vulnerability, https://github.com/advisories/GHSA-3hxg-fxwm-8gf7 [D:\slh\proj\DotNet8.BankingManagementSystem\DotNet8.BankingManagementSystem.sln]
  All projects are up-to-date for restore.
C:\Program Files\dotnet\sdk\10.0.200-preview.0.26103.119\Sdks\Microsoft.NET.Sdk\targets\Microsoft.NET.RuntimeIdentifierInference.targets(383,5): message NETSDK1057: You are using a preview version of .NET. See: https://aka.ms/dotnet-support-policy [D:\slh\proj\DotNet8.BankingManagementSystem\DotNet8.BankingManagementSystem.Common\DotNet8.BankingManagementSystem.Shared\DotNet8.BankingManagementSystem.Shared.csproj]
C:\Program Files\dotnet\sdk\10.0.200-preview.0.26103.119\Sdks\Microsoft.NET.Sdk\targets\Microsoft.NET.RuntimeIdentifierInference.targets(383,5): message NETSDK1057: You are using a preview version of .NET. See: https://aka.ms/dotnet-support-policy [D:\slh\proj\DotNet8.BankingManagementSystem\DotNet8.BankingManagementSystem.Common\DotNet8.BankingManagementSystem.Mapper\DotNet8.BankingManagementSystem.Mapper.csproj]
C:\Program Files\dotnet\sdk\10.0.200-preview.0.26103.119\Sdks\Microsoft.NET.Sdk\targets\Microsoft.NET.RuntimeIdentifierInference.targets(383,5): message NETSDK1057: You are using a preview version of .NET. See: https://aka.ms/dotnet-support-policy [D:\slh\proj\DotNet8.BankingManagementSystem\DotNet8.BankingManagementSystem.Common\DotNet8.BankingManagementSystem.Backend.Services\DotNet8.BankingManagementSystem.Backend.Services.csproj]
C:\Program Files\dotnet\sdk\10.0.200-preview.0.26103.119\Sdks\Microsoft.NET.Sdk\targets\Microsoft.NET.RuntimeIdentifierInference.targets(383,5): message NETSDK1057: You are using a preview version of .NET. See: https://aka.ms/dotnet-support-policy [D:\slh\proj\DotNet8.BankingManagementSystem\DotNet8.BankingManagementSystem.Common\DotNet8.BankingManagementSystem.Database\DotNet8.BankingManagementSystem.Database.csproj]
C:\Program Files\dotnet\sdk\10.0.200-preview.0.26103.119\Sdks\Microsoft.NET.Sdk\targets\Microsoft.NET.RuntimeIdentifierInference.targets(383,5): message NETSDK1057: You are using a preview version of .NET. See: https://aka.ms/dotnet-support-policy [D:\slh\proj\DotNet8.BankingManagementSystem\DotNet8.BankingManagementSystem.Common\DotNet8.BankingManagementSystem.Frontend.Api\DotNet8.BankingManagementSystem.Frontend.Api.csproj]
C:\Program Files\dotnet\sdk\10.0.200-preview.0.26103.119\Sdks\Microsoft.NET.Sdk\targets\Microsoft.NET.RuntimeIdentifierInference.targets(383,5): message NETSDK1057: You are using a preview version of .NET. See: https://aka.ms/dotnet-support-policy [D:\slh\proj\DotNet8.BankingManagementSystem\DotNet8.BankingManagementSystem.Common\DotNet8.BankingManagementSystem.Models\DotNet8.BankingManagementSystem.Models.csproj]
D:\slh\proj\DotNet8.BankingManagementSystem\DotNet8.BankingManagementSystem.Common\DotNet8.BankingManagementSystem.Frontend.Api\DotNet8.BankingManagementSystem.Frontend.Api.csproj : warning NU1904: Package 'Refit' 7.0.0 has a known critical severity vulnerability, https://github.com/advisories/GHSA-3hxg-fxwm-8gf7
C:\Program Files\dotnet\sdk\10.0.200-preview.0.26103.119\Sdks\Microsoft.NET.Sdk\targets\Microsoft.NET.RuntimeIdentifierInference.targets(383,5): message NETSDK1057: You are using a preview version of .NET. See: https://aka.ms/dotnet-support-policy [D:\slh\proj\DotNet8.BankingManagementSystem\DotNet8.BankingManagementSystem.Backend\DotNet8.BankingManagementSystem.Backend.csproj]
  DotNet8.BankingManagementSystem.Shared -> D:\slh\proj\DotNet8.BankingManagementSystem\DotNet8.BankingManagementSystem.Common\DotNet8.BankingManagementSystem.Shared\bin\Debug\net8.0\DotNet8.BankingManagementSystem.Shared.dll
  DotNet8.BankingManagementSystem.Models -> D:\slh\proj\DotNet8.BankingManagementSystem\DotNet8.BankingManagementSystem.Common\DotNet8.BankingManagementSystem.Models\bin\Debug\net8.0\DotNet8.BankingManagementSystem.Models.dll
  DotNet8.BankingManagementSystem.Database -> D:\slh\proj\DotNet8.BankingManagementSystem\DotNet8.BankingManagementSystem.Common\DotNet8.BankingManagementSystem.Database\bin\Debug\net8.0\DotNet8.BankingManagementSystem.Database.dll
  DotNet8.BankingManagementSystem.Mapper -> D:\slh\proj\DotNet8.BankingManagementSystem\DotNet8.BankingManagementSystem.Common\DotNet8.BankingManagementSystem.Mapper\bin\Debug\net8.0\DotNet8.BankingManagementSystem.Mapper.dll
C:\Program Files\dotnet\sdk\10.0.200-preview.0.26103.119\Sdks\Microsoft.NET.Sdk\targets\Microsoft.NET.RuntimeIdentifierInference.targets(383,5): message NETSDK1057: You are using a preview version of .NET. See: https://aka.ms/dotnet-support-policy [D:\slh\proj\DotNet8.BankingManagementSystem\DotNet8.BankingManagementSystem.Frontend\DotNet8.BankingManagementSystem.Frontend.csproj]
D:\slh\proj\DotNet8.BankingManagementSystem\DotNet8.BankingManagementSystem.Common\DotNet8.BankingManagementSystem.Frontend.Api\GlobalUsings.cs(12,14): warning CS0105: The using directive for 'DotNet8.BankingManagementSystem.Database.EfAppDbContextModels' appeared previously in this namespace [D:\slh\proj\DotNet8.BankingManagementSystem\DotNet8.BankingManagementSystem.Common\DotNet8.BankingManagementSystem.Frontend.Api\DotNet8.BankingManagementSystem.Frontend.Api.csproj]
D:\slh\proj\DotNet8.BankingManagementSystem\DotNet8.BankingManagementSystem.Common\DotNet8.BankingManagementSystem.Frontend.Api\GlobalUsings.cs(19,14): warning CS0105: The using directive for 'DotNet8.BankingManagementSystem.Frontend.Api.Services' appeared previously in this namespace [D:\slh\proj\DotNet8.BankingManagementSystem\DotNet8.BankingManagementSystem.Common\DotNet8.BankingManagementSystem.Frontend.Api\DotNet8.BankingManagementSystem.Frontend.Api.csproj]
D:\slh\proj\DotNet8.BankingManagementSystem\DotNet8.BankingManagementSystem.Common\DotNet8.BankingManagementSystem.Frontend.Api\GlobalUsings.cs(21,14): warning CS0105: The using directive for 'DotNet8.BankingManagementSystem.Models.State' appeared previously in this namespace [D:\slh\proj\DotNet8.BankingManagementSystem\DotNet8.BankingManagementSystem.Common\DotNet8.BankingManagementSystem.Frontend.Api\DotNet8.BankingManagementSystem.Frontend.Api.csproj]
D:\slh\proj\DotNet8.BankingManagementSystem\DotNet8.BankingManagementSystem.Common\DotNet8.BankingManagementSystem.Frontend.Api\Services\LocalStorageService.cs(1,48): error CS0234: The type or namespace name 'Services' does not exist in the namespace 'DotNet8.BankingManagementSystem.Frontend' (are you missing an assembly reference?) [D:\slh\proj\DotNet8.BankingManagementSystem\DotNet8.BankingManagementSystem.Common\DotNet8.BankingManagementSystem.Frontend.Api\DotNet8.BankingManagementSystem.Frontend.Api.csproj]
D:\slh\proj\DotNet8.BankingManagementSystem\DotNet8.BankingManagementSystem.Common\DotNet8.BankingManagementSystem.Frontend.Api\Services\LocalStorageService.cs(7,22): error CS0246: The type or namespace name 'IndexedDbService' could not be found (are you missing a using directive or an assembly reference?) [D:\slh\proj\DotNet8.BankingManagementSystem\DotNet8.BankingManagementSystem.Common\DotNet8.BankingManagementSystem.Frontend.Api\DotNet8.BankingManagementSystem.Frontend.Api.csproj]
D:\slh\proj\DotNet8.BankingManagementSystem\DotNet8.BankingManagementSystem.Common\DotNet8.BankingManagementSystem.Frontend.Api\Services\LocalStorageService.cs(9,32): error CS0246: The type or namespace name 'IndexedDbService' could not be found (are you missing a using directive or an assembly reference?) [D:\slh\proj\DotNet8.BankingManagementSystem\DotNet8.BankingManagementSystem.Common\DotNet8.BankingManagementSystem.Frontend.Api\DotNet8.BankingManagementSystem.Frontend.Api.csproj]
D:\slh\proj\DotNet8.BankingManagementSystem\DotNet8.BankingManagementSystem.Common\DotNet8.BankingManagementSystem.Frontend.Api\Features\ApiService.cs(18,22): error CS0246: The type or namespace name 'BankService' could not be found (are you missing a using directive or an assembly reference?) [D:\slh\proj\DotNet8.BankingManagementSystem\DotNet8.BankingManagementSystem.Common\DotNet8.BankingManagementSystem.Frontend.Api\DotNet8.BankingManagementSystem.Frontend.Api.csproj]
D:\slh\proj\DotNet8.BankingManagementSystem\DotNet8.BankingManagementSystem.Common\DotNet8.BankingManagementSystem.Frontend.Api\Features\ApiService.cs(19,22): error CS0246: The type or namespace name 'BranchService' could not be found (are you missing a using directive or an assembly reference?) [D:\slh\proj\DotNet8.BankingManagementSystem\DotNet8.BankingManagementSystem.Common\DotNet8.BankingManagementSystem.Frontend.Api\DotNet8.BankingManagementSystem.Frontend.Api.csproj]
D:\slh\proj\DotNet8.BankingManagementSystem\DotNet8.BankingManagementSystem.Common\DotNet8.BankingManagementSystem.Frontend.Api\Features\ApiService.cs(27,44): error CS0246: The type or namespace name 'BankService' could not be found (are you missing a using directive or an assembly reference?) [D:\slh\proj\DotNet8.BankingManagementSystem\DotNet8.BankingManagementSystem.Common\DotNet8.BankingManagementSystem.Frontend.Api\DotNet8.BankingManagementSystem.Frontend.Api.csproj]
D:\slh\proj\DotNet8.BankingManagementSystem\DotNet8.BankingManagementSystem.Common\DotNet8.BankingManagementSystem.Frontend.Api\Features\ApiService.cs(28,9): error CS0246: The type or namespace name 'BranchService' could not be found (are you missing a using directive or an assembly reference?) [D:\slh\proj\DotNet8.BankingManagementSystem\DotNet8.BankingManagementSystem.Common\DotNet8.BankingManagementSystem.Frontend.Api\DotNet8.BankingManagementSystem.Frontend.Api.csproj]
  DotNet8.BankingManagementSystem.Backend.Services -> D:\slh\proj\DotNet8.BankingManagementSystem\DotNet8.BankingManagementSystem.Common\DotNet8.BankingManagementSystem.Backend.Services\bin\Debug\net8.0\DotNet8.BankingManagementSystem.Backend.Services.dll

Build FAILED.

D:\slh\proj\DotNet8.BankingManagementSystem\DotNet8.BankingManagementSystem.Common\DotNet8.BankingManagementSystem.Frontend.Api\DotNet8.BankingManagementSystem.Frontend.Api.csproj : warning NU1904: Package 'Refit' 7.0.0 has a known critical severity vulnerability, https://github.com/advisories/GHSA-3hxg-fxwm-8gf7 [D:\slh\proj\DotNet8.BankingManagementSystem\DotNet8.BankingManagementSystem.sln]
D:\slh\proj\DotNet8.BankingManagementSystem\DotNet8.BankingManagementSystem.Common\DotNet8.BankingManagementSystem.Frontend.Api\DotNet8.BankingManagementSystem.Frontend.Api.csproj : warning NU1904: Package 'Refit' 7.0.0 has a known critical severity vulnerability, https://github.com/advisories/GHSA-3hxg-fxwm-8gf7
D:\slh\proj\DotNet8.BankingManagementSystem\DotNet8.BankingManagementSystem.Common\DotNet8.BankingManagementSystem.Frontend.Api\GlobalUsings.cs(12,14): warning CS0105: The using directive for 'DotNet8.BankingManagementSystem.Database.EfAppDbContextModels' appeared previously in this namespace [D:\slh\proj\DotNet8.BankingManagementSystem\DotNet8.BankingManagementSystem.Common\DotNet8.BankingManagementSystem.Frontend.Api\DotNet8.BankingManagementSystem.Frontend.Api.csproj]
D:\slh\proj\DotNet8.BankingManagementSystem\DotNet8.BankingManagementSystem.Common\DotNet8.BankingManagementSystem.Frontend.Api\GlobalUsings.cs(19,14): warning CS0105: The using directive for 'DotNet8.BankingManagementSystem.Frontend.Api.Services' appeared previously in this namespace [D:\slh\proj\DotNet8.BankingManagementSystem\DotNet8.BankingManagementSystem.Common\DotNet8.BankingManagementSystem.Frontend.Api\DotNet8.BankingManagementSystem.Frontend.Api.csproj]
D:\slh\proj\DotNet8.BankingManagementSystem\DotNet8.BankingManagementSystem.Common\DotNet8.BankingManagementSystem.Frontend.Api\GlobalUsings.cs(21,14): warning CS0105: The using directive for 'DotNet8.BankingManagementSystem.Models.State' appeared previously in this namespace [D:\slh\proj\DotNet8.BankingManagementSystem\DotNet8.BankingManagementSystem.Common\DotNet8.BankingManagementSystem.Frontend.Api\DotNet8.BankingManagementSystem.Frontend.Api.csproj]
D:\slh\proj\DotNet8.BankingManagementSystem\DotNet8.BankingManagementSystem.Common\DotNet8.BankingManagementSystem.Frontend.Api\Services\LocalStorageService.cs(1,48): error CS0234: The type or namespace name 'Services' does not exist in the namespace 'DotNet8.BankingManagementSystem.Frontend' (are you missing an assembly reference?) [D:\slh\proj\DotNet8.BankingManagementSystem\DotNet8.BankingManagementSystem.Common\DotNet8.BankingManagementSystem.Frontend.Api\DotNet8.BankingManagementSystem.Frontend.Api.csproj]
D:\slh\proj\DotNet8.BankingManagementSystem\DotNet8.BankingManagementSystem.Common\DotNet8.BankingManagementSystem.Frontend.Api\Services\LocalStorageService.cs(7,22): error CS0246: The type or namespace name 'IndexedDbService' could not be found (are you missing a using directive or an assembly reference?) [D:\slh\proj\DotNet8.BankingManagementSystem\DotNet8.BankingManagementSystem.Common\DotNet8.BankingManagementSystem.Frontend.Api\DotNet8.BankingManagementSystem.Frontend.Api.csproj]
D:\slh\proj\DotNet8.BankingManagementSystem\DotNet8.BankingManagementSystem.Common\DotNet8.BankingManagementSystem.Frontend.Api\Services\LocalStorageService.cs(9,32): error CS0246: The type or namespace name 'IndexedDbService' could not be found (are you missing a using directive or an assembly reference?) [D:\slh\proj\DotNet8.BankingManagementSystem\DotNet8.BankingManagementSystem.Common\DotNet8.BankingManagementSystem.Frontend.Api\DotNet8.BankingManagementSystem.Frontend.Api.csproj]
D:\slh\proj\DotNet8.BankingManagementSystem\DotNet8.BankingManagementSystem.Common\DotNet8.BankingManagementSystem.Frontend.Api\Features\ApiService.cs(18,22): error CS0246: The type or namespace name 'BankService' could not be found (are you missing a using directive or an assembly reference?) [D:\slh\proj\DotNet8.BankingManagementSystem\DotNet8.BankingManagementSystem.Common\DotNet8.BankingManagementSystem.Frontend.Api\DotNet8.BankingManagementSystem.Frontend.Api.csproj]
D:\slh\proj\DotNet8.BankingManagementSystem\DotNet8.BankingManagementSystem.Common\DotNet8.BankingManagementSystem.Frontend.Api\Features\ApiService.cs(19,22): error CS0246: The type or namespace name 'BranchService' could not be found (are you missing a using directive or an assembly reference?) [D:\slh\proj\DotNet8.BankingManagementSystem\DotNet8.BankingManagementSystem.Common\DotNet8.BankingManagementSystem.Frontend.Api\DotNet8.BankingManagementSystem.Frontend.Api.csproj]
D:\slh\proj\DotNet8.BankingManagementSystem\DotNet8.BankingManagementSystem.Common\DotNet8.BankingManagementSystem.Frontend.Api\Features\ApiService.cs(27,44): error CS0246: The type or namespace name 'BankService' could not be found (are you missing a using directive or an assembly reference?) [D:\slh\proj\DotNet8.BankingManagementSystem\DotNet8.BankingManagementSystem.Common\DotNet8.BankingManagementSystem.Frontend.Api\DotNet8.BankingManagementSystem.Frontend.Api.csproj]
D:\slh\proj\DotNet8.BankingManagementSystem\DotNet8.BankingManagementSystem.Common\DotNet8.BankingManagementSystem.Frontend.Api\Features\ApiService.cs(28,9): error CS0246: The type or namespace name 'BranchService' could not be found (are you missing a using directive or an assembly reference?) [D:\slh\proj\DotNet8.BankingManagementSystem\DotNet8.BankingManagementSystem.Common\DotNet8.BankingManagementSystem.Frontend.Api\DotNet8.BankingManagementSystem.Frontend.Api.csproj]
    5 Warning(s)
    7 Error(s)

Time Elapsed 00:00:01.35
